// Jest Snapshot v1, https://goo.gl/fbAQLP

exports[`Dashboard component should render correctly 1`] = `
ShallowWrapper {
  "length": 1,
  Symbol(enzyme.__root__): [Circular],
  Symbol(enzyme.__unrendered__): <Dashboard />,
  Symbol(enzyme.__renderer__): Object {
    "batchedUpdates": [Function],
    "getNode": [Function],
    "render": [Function],
    "simulateEvent": [Function],
    "unmount": [Function],
  },
  Symbol(enzyme.__node__): Object {
    "instance": null,
    "key": undefined,
    "nodeType": "host",
    "props": Object {
      "children": Array [
        <div
          className="feed"
        >
          <div
            className="cards"
          >
            <Connect(InvoicesCard) />
            <Connect(InvoicesCard) />
          </div>
        </div>,
        <div
          className="summary"
        >
          <div
            className="summaryCard"
          >
            <div
              className="totalCashWrapper"
            >
              <h6>
                Total Cash
              </h6>
              <h5>
                $11,200
              </h5>
            </div>
          </div>
        </div>,
      ],
      "className": "dashboard",
    },
    "ref": null,
    "rendered": Array [
      Object {
        "instance": null,
        "key": undefined,
        "nodeType": "host",
        "props": Object {
          "children": <div
            className="cards"
          >
            <Connect(InvoicesCard) />
            <Connect(InvoicesCard) />
          </div>,
          "className": "feed",
        },
        "ref": null,
        "rendered": Object {
          "instance": null,
          "key": undefined,
          "nodeType": "host",
          "props": Object {
            "children": Array [
              <Connect(InvoicesCard) />,
              <Connect(InvoicesCard) />,
            ],
            "className": "cards",
          },
          "ref": null,
          "rendered": Array [
            Object {
              "instance": null,
              "key": undefined,
              "nodeType": "class",
              "props": Object {},
              "ref": null,
              "rendered": null,
              "type": [Function],
            },
            Object {
              "instance": null,
              "key": undefined,
              "nodeType": "class",
              "props": Object {},
              "ref": null,
              "rendered": null,
              "type": [Function],
            },
          ],
          "type": "div",
        },
        "type": "div",
      },
      Object {
        "instance": null,
        "key": undefined,
        "nodeType": "host",
        "props": Object {
          "children": <div
            className="summaryCard"
          >
            <div
              className="totalCashWrapper"
            >
              <h6>
                Total Cash
              </h6>
              <h5>
                $11,200
              </h5>
            </div>
          </div>,
          "className": "summary",
        },
        "ref": null,
        "rendered": Object {
          "instance": null,
          "key": undefined,
          "nodeType": "host",
          "props": Object {
            "children": <div
              className="totalCashWrapper"
            >
              <h6>
                Total Cash
              </h6>
              <h5>
                $11,200
              </h5>
            </div>,
            "className": "summaryCard",
          },
          "ref": null,
          "rendered": Object {
            "instance": null,
            "key": undefined,
            "nodeType": "host",
            "props": Object {
              "children": Array [
                <h6>
                  Total Cash
                </h6>,
                <h5>
                  $11,200
                </h5>,
              ],
              "className": "totalCashWrapper",
            },
            "ref": null,
            "rendered": Array [
              Object {
                "instance": null,
                "key": undefined,
                "nodeType": "host",
                "props": Object {
                  "children": "Total Cash",
                },
                "ref": null,
                "rendered": "Total Cash",
                "type": "h6",
              },
              Object {
                "instance": null,
                "key": undefined,
                "nodeType": "host",
                "props": Object {
                  "children": "$11,200",
                },
                "ref": null,
                "rendered": "$11,200",
                "type": "h5",
              },
            ],
            "type": "div",
          },
          "type": "div",
        },
        "type": "div",
      },
    ],
    "type": "div",
  },
  Symbol(enzyme.__nodes__): Array [
    Object {
      "instance": null,
      "key": undefined,
      "nodeType": "host",
      "props": Object {
        "children": Array [
          <div
            className="feed"
          >
            <div
              className="cards"
            >
              <Connect(InvoicesCard) />
              <Connect(InvoicesCard) />
            </div>
          </div>,
          <div
            className="summary"
          >
            <div
              className="summaryCard"
            >
              <div
                className="totalCashWrapper"
              >
                <h6>
                  Total Cash
                </h6>
                <h5>
                  $11,200
                </h5>
              </div>
            </div>
          </div>,
        ],
        "className": "dashboard",
      },
      "ref": null,
      "rendered": Array [
        Object {
          "instance": null,
          "key": undefined,
          "nodeType": "host",
          "props": Object {
            "children": <div
              className="cards"
            >
              <Connect(InvoicesCard) />
              <Connect(InvoicesCard) />
            </div>,
            "className": "feed",
          },
          "ref": null,
          "rendered": Object {
            "instance": null,
            "key": undefined,
            "nodeType": "host",
            "props": Object {
              "children": Array [
                <Connect(InvoicesCard) />,
                <Connect(InvoicesCard) />,
              ],
              "className": "cards",
            },
            "ref": null,
            "rendered": Array [
              Object {
                "instance": null,
                "key": undefined,
                "nodeType": "class",
                "props": Object {},
                "ref": null,
                "rendered": null,
                "type": [Function],
              },
              Object {
                "instance": null,
                "key": undefined,
                "nodeType": "class",
                "props": Object {},
                "ref": null,
                "rendered": null,
                "type": [Function],
              },
            ],
            "type": "div",
          },
          "type": "div",
        },
        Object {
          "instance": null,
          "key": undefined,
          "nodeType": "host",
          "props": Object {
            "children": <div
              className="summaryCard"
            >
              <div
                className="totalCashWrapper"
              >
                <h6>
                  Total Cash
                </h6>
                <h5>
                  $11,200
                </h5>
              </div>
            </div>,
            "className": "summary",
          },
          "ref": null,
          "rendered": Object {
            "instance": null,
            "key": undefined,
            "nodeType": "host",
            "props": Object {
              "children": <div
                className="totalCashWrapper"
              >
                <h6>
                  Total Cash
                </h6>
                <h5>
                  $11,200
                </h5>
              </div>,
              "className": "summaryCard",
            },
            "ref": null,
            "rendered": Object {
              "instance": null,
              "key": undefined,
              "nodeType": "host",
              "props": Object {
                "children": Array [
                  <h6>
                    Total Cash
                  </h6>,
                  <h5>
                    $11,200
                  </h5>,
                ],
                "className": "totalCashWrapper",
              },
              "ref": null,
              "rendered": Array [
                Object {
                  "instance": null,
                  "key": undefined,
                  "nodeType": "host",
                  "props": Object {
                    "children": "Total Cash",
                  },
                  "ref": null,
                  "rendered": "Total Cash",
                  "type": "h6",
                },
                Object {
                  "instance": null,
                  "key": undefined,
                  "nodeType": "host",
                  "props": Object {
                    "children": "$11,200",
                  },
                  "ref": null,
                  "rendered": "$11,200",
                  "type": "h5",
                },
              ],
              "type": "div",
            },
            "type": "div",
          },
          "type": "div",
        },
      ],
      "type": "div",
    },
  ],
  Symbol(enzyme.__options__): Object {
    "adapter": ReactSixteenAdapter {
      "options": Object {
        "enableComponentDidUpdateOnSetState": true,
      },
    },
  },
}
`;
