// Jest Snapshot v1, https://goo.gl/fbAQLP

exports[`Nav bar should render correctly 1`] = `
ShallowWrapper {
  "length": 1,
  Symbol(enzyme.__root__): [Circular],
  Symbol(enzyme.__unrendered__): <Nav />,
  Symbol(enzyme.__renderer__): Object {
    "batchedUpdates": [Function],
    "getNode": [Function],
    "render": [Function],
    "simulateEvent": [Function],
    "unmount": [Function],
  },
  Symbol(enzyme.__node__): Object {
    "instance": null,
    "key": undefined,
    "nodeType": "host",
    "props": Object {
      "children": <div
        className="links"
      >
        <Link
          className="active"
          onClick={[Function]}
          replace={false}
          to="/"
        >
          <i
            className="material-icons md-dark"
          >
            dashboard
          </i>
          Dashboard
        </Link>
        <Link
          className=""
          onClick={[Function]}
          replace={false}
          to="/invoices"
        >
          <i
            className="material-icons md-dark"
          >
            receipt
          </i>
          Invoices
        </Link>
        <Link
          className=""
          onClick={[Function]}
          replace={false}
          to="/paybills"
        >
          <i
            className="material-icons md-dark"
          >
            credit_card
          </i>
          Pay Bills
        </Link>
        <Link
          className=""
          onClick={[Function]}
          replace={false}
          to="/accounting"
        >
          <i
            className="material-icons md-dark"
          >
            assessment
          </i>
          Accounting
        </Link>
        <Link
          className=""
          onClick={[Function]}
          replace={false}
          to="/reports"
        >
          <i
            className="material-icons md-dark"
          >
            subject
          </i>
          Reports
        </Link>
        <Link
          className=""
          onClick={[Function]}
          replace={false}
          to="connectedapps/"
        >
          <i
            className="material-icons md-dark"
          >
            device_hub
          </i>
          Connected Apps
        </Link>
        <figure
          className="gap"
        />
        <figure
          className="gap"
        />
        <Link
          className=""
          onClick={[Function]}
          replace={false}
          to="/settings"
        >
          <i
            className="material-icons md-dark"
          >
            settings
          </i>
          Settings
        </Link>
      </div>,
      "className": "nav-bar",
    },
    "ref": null,
    "rendered": Object {
      "instance": null,
      "key": undefined,
      "nodeType": "host",
      "props": Object {
        "children": Array [
          <Link
            className="active"
            onClick={[Function]}
            replace={false}
            to="/"
          >
            <i
              className="material-icons md-dark"
            >
              dashboard
            </i>
            Dashboard
          </Link>,
          <Link
            className=""
            onClick={[Function]}
            replace={false}
            to="/invoices"
          >
            <i
              className="material-icons md-dark"
            >
              receipt
            </i>
            Invoices
          </Link>,
          <Link
            className=""
            onClick={[Function]}
            replace={false}
            to="/paybills"
          >
            <i
              className="material-icons md-dark"
            >
              credit_card
            </i>
            Pay Bills
          </Link>,
          <Link
            className=""
            onClick={[Function]}
            replace={false}
            to="/accounting"
          >
            <i
              className="material-icons md-dark"
            >
              assessment
            </i>
            Accounting
          </Link>,
          <Link
            className=""
            onClick={[Function]}
            replace={false}
            to="/reports"
          >
            <i
              className="material-icons md-dark"
            >
              subject
            </i>
            Reports
          </Link>,
          <Link
            className=""
            onClick={[Function]}
            replace={false}
            to="connectedapps/"
          >
            <i
              className="material-icons md-dark"
            >
              device_hub
            </i>
            Connected Apps
          </Link>,
          <figure
            className="gap"
          />,
          <figure
            className="gap"
          />,
          <Link
            className=""
            onClick={[Function]}
            replace={false}
            to="/settings"
          >
            <i
              className="material-icons md-dark"
            >
              settings
            </i>
            Settings
          </Link>,
        ],
        "className": "links",
      },
      "ref": null,
      "rendered": Array [
        Object {
          "instance": null,
          "key": undefined,
          "nodeType": "class",
          "props": Object {
            "children": Array [
              <i
                className="material-icons md-dark"
              >
                dashboard
              </i>,
              "Dashboard",
            ],
            "className": "active",
            "onClick": [Function],
            "replace": false,
            "to": "/",
          },
          "ref": null,
          "rendered": Array [
            Object {
              "instance": null,
              "key": undefined,
              "nodeType": "host",
              "props": Object {
                "children": "dashboard",
                "className": "material-icons md-dark",
              },
              "ref": null,
              "rendered": "dashboard",
              "type": "i",
            },
            "Dashboard",
          ],
          "type": [Function],
        },
        Object {
          "instance": null,
          "key": undefined,
          "nodeType": "class",
          "props": Object {
            "children": Array [
              <i
                className="material-icons md-dark"
              >
                receipt
              </i>,
              "Invoices",
            ],
            "className": "",
            "onClick": [Function],
            "replace": false,
            "to": "/invoices",
          },
          "ref": null,
          "rendered": Array [
            Object {
              "instance": null,
              "key": undefined,
              "nodeType": "host",
              "props": Object {
                "children": "receipt",
                "className": "material-icons md-dark",
              },
              "ref": null,
              "rendered": "receipt",
              "type": "i",
            },
            "Invoices",
          ],
          "type": [Function],
        },
        Object {
          "instance": null,
          "key": undefined,
          "nodeType": "class",
          "props": Object {
            "children": Array [
              <i
                className="material-icons md-dark"
              >
                credit_card
              </i>,
              "Pay Bills",
            ],
            "className": "",
            "onClick": [Function],
            "replace": false,
            "to": "/paybills",
          },
          "ref": null,
          "rendered": Array [
            Object {
              "instance": null,
              "key": undefined,
              "nodeType": "host",
              "props": Object {
                "children": "credit_card",
                "className": "material-icons md-dark",
              },
              "ref": null,
              "rendered": "credit_card",
              "type": "i",
            },
            "Pay Bills",
          ],
          "type": [Function],
        },
        Object {
          "instance": null,
          "key": undefined,
          "nodeType": "class",
          "props": Object {
            "children": Array [
              <i
                className="material-icons md-dark"
              >
                assessment
              </i>,
              "Accounting",
            ],
            "className": "",
            "onClick": [Function],
            "replace": false,
            "to": "/accounting",
          },
          "ref": null,
          "rendered": Array [
            Object {
              "instance": null,
              "key": undefined,
              "nodeType": "host",
              "props": Object {
                "children": "assessment",
                "className": "material-icons md-dark",
              },
              "ref": null,
              "rendered": "assessment",
              "type": "i",
            },
            "Accounting",
          ],
          "type": [Function],
        },
        Object {
          "instance": null,
          "key": undefined,
          "nodeType": "class",
          "props": Object {
            "children": Array [
              <i
                className="material-icons md-dark"
              >
                subject
              </i>,
              "Reports",
            ],
            "className": "",
            "onClick": [Function],
            "replace": false,
            "to": "/reports",
          },
          "ref": null,
          "rendered": Array [
            Object {
              "instance": null,
              "key": undefined,
              "nodeType": "host",
              "props": Object {
                "children": "subject",
                "className": "material-icons md-dark",
              },
              "ref": null,
              "rendered": "subject",
              "type": "i",
            },
            "Reports",
          ],
          "type": [Function],
        },
        Object {
          "instance": null,
          "key": undefined,
          "nodeType": "class",
          "props": Object {
            "children": Array [
              <i
                className="material-icons md-dark"
              >
                device_hub
              </i>,
              "Connected Apps",
            ],
            "className": "",
            "onClick": [Function],
            "replace": false,
            "to": "connectedapps/",
          },
          "ref": null,
          "rendered": Array [
            Object {
              "instance": null,
              "key": undefined,
              "nodeType": "host",
              "props": Object {
                "children": "device_hub",
                "className": "material-icons md-dark",
              },
              "ref": null,
              "rendered": "device_hub",
              "type": "i",
            },
            "Connected Apps",
          ],
          "type": [Function],
        },
        Object {
          "instance": null,
          "key": undefined,
          "nodeType": "host",
          "props": Object {
            "className": "gap",
          },
          "ref": null,
          "rendered": null,
          "type": "figure",
        },
        Object {
          "instance": null,
          "key": undefined,
          "nodeType": "host",
          "props": Object {
            "className": "gap",
          },
          "ref": null,
          "rendered": null,
          "type": "figure",
        },
        Object {
          "instance": null,
          "key": undefined,
          "nodeType": "class",
          "props": Object {
            "children": Array [
              <i
                className="material-icons md-dark"
              >
                settings
              </i>,
              "Settings",
            ],
            "className": "",
            "onClick": [Function],
            "replace": false,
            "to": "/settings",
          },
          "ref": null,
          "rendered": Array [
            Object {
              "instance": null,
              "key": undefined,
              "nodeType": "host",
              "props": Object {
                "children": "settings",
                "className": "material-icons md-dark",
              },
              "ref": null,
              "rendered": "settings",
              "type": "i",
            },
            "Settings",
          ],
          "type": [Function],
        },
      ],
      "type": "div",
    },
    "type": "div",
  },
  Symbol(enzyme.__nodes__): Array [
    Object {
      "instance": null,
      "key": undefined,
      "nodeType": "host",
      "props": Object {
        "children": <div
          className="links"
        >
          <Link
            className="active"
            onClick={[Function]}
            replace={false}
            to="/"
          >
            <i
              className="material-icons md-dark"
            >
              dashboard
            </i>
            Dashboard
          </Link>
          <Link
            className=""
            onClick={[Function]}
            replace={false}
            to="/invoices"
          >
            <i
              className="material-icons md-dark"
            >
              receipt
            </i>
            Invoices
          </Link>
          <Link
            className=""
            onClick={[Function]}
            replace={false}
            to="/paybills"
          >
            <i
              className="material-icons md-dark"
            >
              credit_card
            </i>
            Pay Bills
          </Link>
          <Link
            className=""
            onClick={[Function]}
            replace={false}
            to="/accounting"
          >
            <i
              className="material-icons md-dark"
            >
              assessment
            </i>
            Accounting
          </Link>
          <Link
            className=""
            onClick={[Function]}
            replace={false}
            to="/reports"
          >
            <i
              className="material-icons md-dark"
            >
              subject
            </i>
            Reports
          </Link>
          <Link
            className=""
            onClick={[Function]}
            replace={false}
            to="connectedapps/"
          >
            <i
              className="material-icons md-dark"
            >
              device_hub
            </i>
            Connected Apps
          </Link>
          <figure
            className="gap"
          />
          <figure
            className="gap"
          />
          <Link
            className=""
            onClick={[Function]}
            replace={false}
            to="/settings"
          >
            <i
              className="material-icons md-dark"
            >
              settings
            </i>
            Settings
          </Link>
        </div>,
        "className": "nav-bar",
      },
      "ref": null,
      "rendered": Object {
        "instance": null,
        "key": undefined,
        "nodeType": "host",
        "props": Object {
          "children": Array [
            <Link
              className="active"
              onClick={[Function]}
              replace={false}
              to="/"
            >
              <i
                className="material-icons md-dark"
              >
                dashboard
              </i>
              Dashboard
            </Link>,
            <Link
              className=""
              onClick={[Function]}
              replace={false}
              to="/invoices"
            >
              <i
                className="material-icons md-dark"
              >
                receipt
              </i>
              Invoices
            </Link>,
            <Link
              className=""
              onClick={[Function]}
              replace={false}
              to="/paybills"
            >
              <i
                className="material-icons md-dark"
              >
                credit_card
              </i>
              Pay Bills
            </Link>,
            <Link
              className=""
              onClick={[Function]}
              replace={false}
              to="/accounting"
            >
              <i
                className="material-icons md-dark"
              >
                assessment
              </i>
              Accounting
            </Link>,
            <Link
              className=""
              onClick={[Function]}
              replace={false}
              to="/reports"
            >
              <i
                className="material-icons md-dark"
              >
                subject
              </i>
              Reports
            </Link>,
            <Link
              className=""
              onClick={[Function]}
              replace={false}
              to="connectedapps/"
            >
              <i
                className="material-icons md-dark"
              >
                device_hub
              </i>
              Connected Apps
            </Link>,
            <figure
              className="gap"
            />,
            <figure
              className="gap"
            />,
            <Link
              className=""
              onClick={[Function]}
              replace={false}
              to="/settings"
            >
              <i
                className="material-icons md-dark"
              >
                settings
              </i>
              Settings
            </Link>,
          ],
          "className": "links",
        },
        "ref": null,
        "rendered": Array [
          Object {
            "instance": null,
            "key": undefined,
            "nodeType": "class",
            "props": Object {
              "children": Array [
                <i
                  className="material-icons md-dark"
                >
                  dashboard
                </i>,
                "Dashboard",
              ],
              "className": "active",
              "onClick": [Function],
              "replace": false,
              "to": "/",
            },
            "ref": null,
            "rendered": Array [
              Object {
                "instance": null,
                "key": undefined,
                "nodeType": "host",
                "props": Object {
                  "children": "dashboard",
                  "className": "material-icons md-dark",
                },
                "ref": null,
                "rendered": "dashboard",
                "type": "i",
              },
              "Dashboard",
            ],
            "type": [Function],
          },
          Object {
            "instance": null,
            "key": undefined,
            "nodeType": "class",
            "props": Object {
              "children": Array [
                <i
                  className="material-icons md-dark"
                >
                  receipt
                </i>,
                "Invoices",
              ],
              "className": "",
              "onClick": [Function],
              "replace": false,
              "to": "/invoices",
            },
            "ref": null,
            "rendered": Array [
              Object {
                "instance": null,
                "key": undefined,
                "nodeType": "host",
                "props": Object {
                  "children": "receipt",
                  "className": "material-icons md-dark",
                },
                "ref": null,
                "rendered": "receipt",
                "type": "i",
              },
              "Invoices",
            ],
            "type": [Function],
          },
          Object {
            "instance": null,
            "key": undefined,
            "nodeType": "class",
            "props": Object {
              "children": Array [
                <i
                  className="material-icons md-dark"
                >
                  credit_card
                </i>,
                "Pay Bills",
              ],
              "className": "",
              "onClick": [Function],
              "replace": false,
              "to": "/paybills",
            },
            "ref": null,
            "rendered": Array [
              Object {
                "instance": null,
                "key": undefined,
                "nodeType": "host",
                "props": Object {
                  "children": "credit_card",
                  "className": "material-icons md-dark",
                },
                "ref": null,
                "rendered": "credit_card",
                "type": "i",
              },
              "Pay Bills",
            ],
            "type": [Function],
          },
          Object {
            "instance": null,
            "key": undefined,
            "nodeType": "class",
            "props": Object {
              "children": Array [
                <i
                  className="material-icons md-dark"
                >
                  assessment
                </i>,
                "Accounting",
              ],
              "className": "",
              "onClick": [Function],
              "replace": false,
              "to": "/accounting",
            },
            "ref": null,
            "rendered": Array [
              Object {
                "instance": null,
                "key": undefined,
                "nodeType": "host",
                "props": Object {
                  "children": "assessment",
                  "className": "material-icons md-dark",
                },
                "ref": null,
                "rendered": "assessment",
                "type": "i",
              },
              "Accounting",
            ],
            "type": [Function],
          },
          Object {
            "instance": null,
            "key": undefined,
            "nodeType": "class",
            "props": Object {
              "children": Array [
                <i
                  className="material-icons md-dark"
                >
                  subject
                </i>,
                "Reports",
              ],
              "className": "",
              "onClick": [Function],
              "replace": false,
              "to": "/reports",
            },
            "ref": null,
            "rendered": Array [
              Object {
                "instance": null,
                "key": undefined,
                "nodeType": "host",
                "props": Object {
                  "children": "subject",
                  "className": "material-icons md-dark",
                },
                "ref": null,
                "rendered": "subject",
                "type": "i",
              },
              "Reports",
            ],
            "type": [Function],
          },
          Object {
            "instance": null,
            "key": undefined,
            "nodeType": "class",
            "props": Object {
              "children": Array [
                <i
                  className="material-icons md-dark"
                >
                  device_hub
                </i>,
                "Connected Apps",
              ],
              "className": "",
              "onClick": [Function],
              "replace": false,
              "to": "connectedapps/",
            },
            "ref": null,
            "rendered": Array [
              Object {
                "instance": null,
                "key": undefined,
                "nodeType": "host",
                "props": Object {
                  "children": "device_hub",
                  "className": "material-icons md-dark",
                },
                "ref": null,
                "rendered": "device_hub",
                "type": "i",
              },
              "Connected Apps",
            ],
            "type": [Function],
          },
          Object {
            "instance": null,
            "key": undefined,
            "nodeType": "host",
            "props": Object {
              "className": "gap",
            },
            "ref": null,
            "rendered": null,
            "type": "figure",
          },
          Object {
            "instance": null,
            "key": undefined,
            "nodeType": "host",
            "props": Object {
              "className": "gap",
            },
            "ref": null,
            "rendered": null,
            "type": "figure",
          },
          Object {
            "instance": null,
            "key": undefined,
            "nodeType": "class",
            "props": Object {
              "children": Array [
                <i
                  className="material-icons md-dark"
                >
                  settings
                </i>,
                "Settings",
              ],
              "className": "",
              "onClick": [Function],
              "replace": false,
              "to": "/settings",
            },
            "ref": null,
            "rendered": Array [
              Object {
                "instance": null,
                "key": undefined,
                "nodeType": "host",
                "props": Object {
                  "children": "settings",
                  "className": "material-icons md-dark",
                },
                "ref": null,
                "rendered": "settings",
                "type": "i",
              },
              "Settings",
            ],
            "type": [Function],
          },
        ],
        "type": "div",
      },
      "type": "div",
    },
  ],
  Symbol(enzyme.__options__): Object {
    "adapter": ReactSixteenAdapter {
      "options": Object {
        "enableComponentDidUpdateOnSetState": true,
      },
    },
  },
}
`;
